../Drivers/CMSIS/Include/core_cm4.h:1684:22:__NVIC_EnableIRQ	16	static,ignoring_inline_asm
../Drivers/CMSIS/Include/core_cm4.h:1722:22:__NVIC_DisableIRQ	16	static,ignoring_inline_asm
../Core/Src/main.c:109:5:__io_putchar	16	static
../Core/Src/main.c:117:6:HAL_UART_RxCpltCallback	16	static
../Core/Src/main.c:136:6:TASK_UART_Handler	24	static
../Core/Src/main.c:209:6:HAL_TIM_PeriodElapsedCallback	16	static
../Core/Src/main.c:216:6:TASK_Dht_Sense	8	static
../Core/Src/main.c:224:6:TASK_Dist_Sense	8	static
../Core/Src/main.c:231:6:TASK_Display_Measurement	24	static
../Core/Src/main.c:273:5:main	16	static
../Core/Src/main.c:349:6:SystemClock_Config	88	static
../Core/Src/main.c:396:13:MX_I2C2_Init	8	static
../Core/Src/main.c:430:13:MX_TIM3_Init	32	static
../Core/Src/main.c:475:13:MX_TIM4_Init	32	static
../Core/Src/main.c:520:13:MX_USART2_UART_Init	8	static
../Core/Src/main.c:553:13:MX_GPIO_Init	48	static
../Core/Src/main.c:613:6:Error_Handler	4	static,ignoring_inline_asm
